
  .   ____          _            __ _ _
 /\\ / ___'_ __ _ _(_)_ __  __ _ \ \ \ \
( ( )\___ | '_ | '_| | '_ \/ _` | \ \ \ \
 \\/  ___)| |_)| | | | | || (_| |  ) ) ) )
  '  |____| .__|_| |_|_| |_\__, | / / / /
 =========|_|==============|___/=/_/_/_/

 :: Spring Boot ::                (v3.3.5)

2026-05-21T00:28:40.393+08:00  INFO 37176 --- [backend] [           main] c.c.t.CompetitionTrainingApplication     : Starting CompetitionTrainingApplication v0.0.1-SNAPSHOT using Java 25.0.1 with PID 37176 (C:\competition-training-system\backend\target\backend-0.0.1-SNAPSHOT.jar started by hq151 in C:\competition-training-system\backend)
2026-05-21T00:28:40.395+08:00  INFO 37176 --- [backend] [           main] c.c.t.CompetitionTrainingApplication     : No active profile set, falling back to 1 default profile: "default"
2026-05-21T00:28:41.049+08:00  WARN 37176 --- [backend] [           main] o.m.s.mapper.ClassPathMapperScanner      : No MyBatis mapper was found in '[com.competition.training.module.**.mapper]' package. Please check your configuration.
2026-05-21T00:28:41.409+08:00  INFO 37176 --- [backend] [           main] o.s.b.w.embedded.tomcat.TomcatWebServer  : Tomcat initialized with port 8080 (http)
2026-05-21T00:28:41.412+08:00  INFO 37176 --- [backend] [           main] o.a.catalina.core.AprLifecycleListener   : Loaded Apache Tomcat Native library [2.0.8] using APR version [1.7.4].
2026-05-21T00:28:41.415+08:00  INFO 37176 --- [backend] [           main] o.a.catalina.core.AprLifecycleListener   : OpenSSL successfully initialized [OpenSSL 3.0.14 4 Jun 2024]
2026-05-21T00:28:41.424+08:00  INFO 37176 --- [backend] [           main] o.apache.catalina.core.StandardService   : Starting service [Tomcat]
2026-05-21T00:28:41.424+08:00  INFO 37176 --- [backend] [           main] o.apache.catalina.core.StandardEngine    : Starting Servlet engine: [Apache Tomcat/10.1.31]
2026-05-21T00:28:41.458+08:00  INFO 37176 --- [backend] [           main] o.a.c.c.C.[Tomcat].[localhost].[/]       : Initializing Spring embedded WebApplicationContext
2026-05-21T00:28:41.458+08:00  INFO 37176 --- [backend] [           main] w.s.c.ServletWebServerApplicationContext : Root WebApplicationContext: initialization completed in 1018 ms
2026-05-21T00:28:41.702+08:00  WARN 37176 --- [backend] [           main] .s.s.UserDetailsServiceAutoConfiguration : 

Using generated security password: 589a7c8d-4240-4901-b263-ba679bb33d76

This generated password is for development use only. Your security configuration must be updated before running your application in production.

2026-05-21T00:28:41.712+08:00  INFO 37176 --- [backend] [           main] r$InitializeUserDetailsManagerConfigurer : Global AuthenticationManager configured with UserDetailsService bean with name inMemoryUserDetailsManager
 _ _   |_  _ _|_. ___ _ |    _ 
| | |\/|_)(_| | |_\  |_)||_|_\ 
     /               |         
                        3.5.9 
2026-05-21T00:28:42.155+08:00  INFO 37176 --- [backend] [           main] o.s.b.w.embedded.tomcat.TomcatWebServer  : Tomcat started on port 8080 (http) with context path '/'
2026-05-21T00:28:42.164+08:00  INFO 37176 --- [backend] [           main] c.c.t.CompetitionTrainingApplication     : Started CompetitionTrainingApplication in 2.059 seconds (process running for 2.443)
2026-05-21T00:29:00.555+08:00  INFO 37176 --- [backend] [nio-8080-exec-1] o.a.c.c.C.[Tomcat].[localhost].[/]       : Initializing Spring DispatcherServlet 'dispatcherServlet'
2026-05-21T00:29:00.556+08:00  INFO 37176 --- [backend] [nio-8080-exec-1] o.s.web.servlet.DispatcherServlet        : Initializing Servlet 'dispatcherServlet'
2026-05-21T00:29:00.557+08:00  INFO 37176 --- [backend] [nio-8080-exec-1] o.s.web.servlet.DispatcherServlet        : Completed initialization in 1 ms
2026-05-21T00:29:00.723+08:00  INFO 37176 --- [backend] [nio-8080-exec-1] com.zaxxer.hikari.HikariDataSource       : HikariPool-1 - Starting...
2026-05-21T00:29:00.974+08:00  INFO 37176 --- [backend] [nio-8080-exec-1] com.zaxxer.hikari.pool.HikariPool        : HikariPool-1 - Added connection org.postgresql.jdbc.PgConnection@da4c13a
2026-05-21T00:29:00.976+08:00  INFO 37176 --- [backend] [nio-8080-exec-1] com.zaxxer.hikari.HikariDataSource       : HikariPool-1 - Start completed.
